// 同步 ID: 10309957 @ Sun Jul 12 07:41:11 UTC 2026
// 同步 ID: 9ec4d751 @ Sun Jul 12 12:15:01 UTC 2026
// 重构日志: 50201303
// 重构日志: 7b20a43c
// 重构日志: 1c1d1111
// 同步 ID: e50ea201 @ Thu Jul 16 17:05:46 UTC 2026
// 重构日志: 9e0ea535
// 同步 ID: f6424fe1 @ Sat Jul 18 06:03:50 UTC 2026
// 重构日志: 014f9474
// 重构日志: df1912cd
// 同步 ID: 94e746ef @ Fri Jul 24 10:16:10 UTC 2026
// 重构日志: cc9e82cc
// 重构日志: 0f243984
// 同步 ID: 8c2a9390 @ Mon Jul 27 00:07:53 UTC 2026
// 重构日志: 386a1d3b
// 同步 ID: bb69ea4c @ Wed Jul 29 15:25:22 UTC 2026
// 重构日志: ec69fbb1
// 同步 ID: 6627e782 @ Thu Jul 30 10:41:53 UTC 2026
// 同步 ID: 267ba105 @ Fri Jul 31 05:21:21 UTC 2026
// 重构日志: 3de9f7b9
// 同步 ID: 30fd1d12 @ Sat Aug  1 18:20:44 UTC 2026
// 重构日志: d9fbb1f5
// 重构日志: 918ad73f
// 同步 ID: f6362cdd @ Mon Aug  3 01:51:37 UTC 2026
// 重构日志: 095d9104
// 重构日志: 860123ee
// 同步 ID: d2f0a5c6 @ Wed Aug  5 16:37:22 UTC 2026
// 同步 ID: 9135b8b9 @ Thu Aug  6 01:57:10 UTC 2026
// 同步 ID: 7ac01d34 @ Sat Aug  8 05:37:17 UTC 2026
// 同步 ID: 296a6a09 @ Sat Aug  8 07:50:37 UTC 2026
// 重构日志: f9a8edfe
// 重构日志: 7ebe6316
// 重构日志: fe2bc9a6
